// Jest Snapshot v1, https://goo.gl/fbAQLP

exports[`App should match snapshot 1`] = `
<main
  className="App"
>
  <header
    className="header"
  >
    <NavLink
      activeClassName="active"
      aria-current="page"
      className="home-link"
      to="/"
    >
       Home
    </NavLink>
    <h1>
      BOAT BUDDY
    </h1>
    <NavLink
      activeClassName="active"
      aria-current="page"
      className="mission-link"
      to="/about"
    >
      Mission 
    </NavLink>
  </header>
  <Switch>
    <Route
      component={[Function]}
      exact={true}
      path="/about"
    />
    <Route
      component={[Function]}
      exact={true}
      path="/"
    />
    <Redirect
      push={false}
      to={
        Object {
          "pathname": "/",
        }
      }
    />
  </Switch>
</main>
`;
