// Jest Snapshot v1, https://goo.gl/fbAQLP

exports[`CardContainer should match the snapshop 1`] = `
<div
  className="container"
>
  <Connect(Summary) />
  <div
    className="music-container small-container"
  >
    <h2
      className="titles"
    >
      MUSIC
    </h2>
    <Connect(Card)
      className="music-card"
      key="3"
    />
    <Connect(Card)
      className="music-card"
      key="4"
    />
  </div>
  <div
    className="movie-container small-container"
  >
    <h2
      className="titles"
    >
      MOVIES
    </h2>
    <Connect(Card)
      className="movie-card"
      key="1"
    />
    <Connect(Card)
      className="movie-card"
      key="2"
    />
  </div>
  <div
    className="tv-container small-container"
  >
    <h2
      className="titles"
    >
      SHOWS
    </h2>
    <Connect(Card)
      className="tv-card"
      key="5"
    />
    <Connect(Card)
      className="tv-card"
      key="6"
    />
  </div>
</div>
`;
