// Jest Snapshot v1, https://goo.gl/fbAQLP

exports[`Card should match the snapshot 1`] = `
<div
  className="card"
>
  <a
    className="link"
  />
  <button
    className="done"
    onClick={[Function]}
  >
    DONE
  </button>
</div>
`;
